"KeyBindings"
{
	"Name"		"ARROW"
	"Version"		"12"
	"RowVersion"		"3"
	"UseHeroBindings"		"0"
	"LinkHeroToCourier"		"1"
	"LinkHeroToNeutral"		"1"
	"LinkPlayerToSpectator"		"1"
	"Keys"
	{
		"CameraUp"
		{
			"Name"		"CameraUp"
			"Action"		"+forward"
			"Key"		"UPARROW"
			"Panel"		"#DOTA_KEYBIND_MENU_PLAYER"
			"PanelRow"		"1"
			"Description"		"#DOTA_MoveForward"
			"Version"		"2"
		}
		"CameraDown"
		{
			"Name"		"CameraDown"
			"Action"		"+back"
			"Key"		"DOWNARROW"
			"Panel"		"#DOTA_KEYBIND_MENU_PLAYER"
			"PanelRow"		"2"
			"Description"		"#DOTA_MoveBack"
			"Version"		"1"
		}
		"CameraLeft"
		{
			"Name"		"CameraLeft"
			"Action"		"+moveleft"
			"Key"		"LEFTARROW"
			"Panel"		"#DOTA_KEYBIND_MENU_PLAYER"
			"PanelRow"		"3"
			"Description"		"#DOTA_MoveLeft"
			"Version"		"1"
		}
		"CameraRight"
		{
			"Name"		"CameraRight"
			"Action"		"+moveright"
			"Key"		"RIGHTARROW"
			"Panel"		"#DOTA_KEYBIND_MENU_PLAYER"
			"PanelRow"		"4"
			"Description"		"#DOTA_MoveRight"
			"Version"		"1"
		}
		"CameraGrip"
		{
			"Name"		"CameraGrip"
			"Action"		"+cameragrip"
			"Panel"		"#DOTA_KEYBIND_MENU_PLAYER"
			"PanelRow"		"5"
			"Description"		"#DOTA_CameraGrip"
			"Version"		"2"
			"Key"		"SPACE"
		}
		"RecentEvent"
		{
			"Name"		"RecentEvent"
			"Action"		"dota_recent_event"
			"Panel"		"#DOTA_KEYBIND_MENU_PLAYER"
			"PanelRow"		"7"
			"Description"		"#DOTA_RecentEvent"
			"Version"		"3"
			"Key"		"`"
		}
		"ScoreboardToggle"
		{
			"Name"		"ScoreboardToggle"
			"Action"		"+showscores"
			"Panel"		"#DOTA_KEYBIND_MENU_PLAYER"
			"PanelRow"		"9"
			"Description"		"#DOTA_Scoreboard"
			"Version"		"1"
			"Key"		"-"
		}
		"ActivateGlyph"
		{
			"Name"		"ActivateGlyph"
			"Action"		"dota_glyph"
			"Panel"		"#DOTA_KEYBIND_MENU_PLAYER"
			"PanelRow"		"11"
			"Description"		"#DOTA_ActivateGlyph"
			"Version"		"2"
		}
		"ChatTeam"
		{
			"Name"		"ChatTeam"
			"Action"		"say"
			"Key"		"ENTER"
			"Panel"		"#DOTA_KEYBIND_MENU_CHAT"
			"PanelRow"		"1"
			"Description"		"#DOTA_ChatTeam"
			"Version"		"1"
		}
		"ChatGlobal"
		{
			"Name"		"ChatGlobal"
			"Action"		"say"
			"Panel"		"#DOTA_KEYBIND_MENU_CHAT"
			"PanelRow"		"2"
			"Description"		"#DOTA_ChatGlobal"
			"Dependency"		"ChatTeam"
			"DependencyText"		"SHIFT-"
			"Version"		"1"
			"Key"		"ENTER"
			"Modifier"		"SHIFT"
			"Mode"		"0"
		}
		"ChatTeam2"
		{
			"Name"		"ChatTeam2"
			"Action"		"say"
			"Key"		"KP_ENTER"
			"Description"		"#DOTA_ChatTeam"
			"Version"		"1"
			"PanelRow"		"0"
		}
		"ChatGlobal2"
		{
			"Name"		"ChatGlobal2"
			"Action"		"say"
			"Description"		"#DOTA_ChatGlobal"
			"Dependency"		"ChatTeam2"
			"DependencyText"		"SHIFT-"
			"Version"		"1"
			"PanelRow"		"0"
			"Key"		"KP_ENTER"
			"Modifier"		"SHIFT"
			"Mode"		"0"
		}
		"ChatVoice"
		{
			"Name"		"ChatVoice"
			"Action"		"+voicerecord"
			"Panel"		"#DOTA_KEYBIND_MENU_CHAT"
			"PanelRow"		"3"
			"Description"		"#DOTA_Voice"
			"Version"		"1"
		}
		"ChatWheel"
		{
			"Name"		"ChatWheel"
			"Action"		"+chatwheel"
			"Key"		"SECTION_SIGN"
			"Panel"		"#DOTA_KEYBIND_MENU_CHAT"
			"PanelRow"		"4"
			"Description"		"#DOTA_ChatWheel"
			"Version"		"1"
		}
		"ChatWheelCare"
		{
			"Name"		"ChatWheelCare"
			"Action"		"chatwheel_say 1"
			"Panel"		"#DOTA_KEYBIND_MENU_CHAT"
			"PanelRow"		"16"
			"Description"		"#dota_chatwheel_label_Care"
			"Version"		"1"
		}
		"ChatWheelGetBack"
		{
			"Name"		"ChatWheelGetBack"
			"Action"		"chatwheel_say 2"
			"Panel"		"#DOTA_KEYBIND_MENU_CHAT"
			"PanelRow"		"17"
			"Description"		"#dota_chatwheel_label_GetBack"
			"Version"		"1"
		}
		"ChatWheelNeedWards"
		{
			"Name"		"ChatWheelNeedWards"
			"Action"		"chatwheel_say 3"
			"Panel"		"#DOTA_KEYBIND_MENU_CHAT"
			"PanelRow"		"18"
			"Description"		"#dota_chatwheel_label_NeedWards"
			"Version"		"1"
		}
		"ChatWheelStun"
		{
			"Name"		"ChatWheelStun"
			"Action"		"chatwheel_say 4"
			"Panel"		"#DOTA_KEYBIND_MENU_CHAT"
			"PanelRow"		"19"
			"Description"		"#dota_chatwheel_label_Stun"
			"Version"		"1"
		}
		"ChatWheelHelp"
		{
			"Name"		"ChatWheelHelp"
			"Action"		"chatwheel_say 5"
			"Panel"		"#DOTA_KEYBIND_MENU_CHAT"
			"PanelRow"		"20"
			"Description"		"#dota_chatwheel_label_Help"
			"Version"		"1"
		}
		"ChatWheelGetPush"
		{
			"Name"		"ChatWheelGetPush"
			"Action"		"chatwheel_say 6"
			"Panel"		"#DOTA_KEYBIND_MENU_CHAT"
			"PanelRow"		"21"
			"Description"		"#dota_chatwheel_label_Push"
			"Version"		"1"
		}
		"ChatWheelGoodJob"
		{
			"Name"		"ChatWheelGoodJob"
			"Action"		"chatwheel_say 7"
			"Panel"		"#DOTA_KEYBIND_MENU_CHAT"
			"PanelRow"		"22"
			"Description"		"#dota_chatwheel_label_GoodJob"
			"Version"		"1"
		}
		"ChatWheelMissing"
		{
			"Name"		"ChatWheelMissing"
			"Action"		"chatwheel_say 8"
			"Panel"		"#DOTA_KEYBIND_MENU_CHAT"
			"PanelRow"		"23"
			"Description"		"#dota_chatwheel_label_Missing"
			"Version"		"1"
		}
		"ChatWheelMissingTop"
		{
			"Name"		"ChatWheelMissingTop"
			"Action"		"chatwheel_say 9"
			"Panel"		"#DOTA_KEYBIND_MENU_CHAT"
			"PanelRow"		"24"
			"Description"		"#dota_chatwheel_label_Missing_Top"
			"Version"		"1"
		}
		"ChatWheelMissingMiddle"
		{
			"Name"		"ChatWheelMissingMiddle"
			"Action"		"chatwheel_say 10"
			"Panel"		"#DOTA_KEYBIND_MENU_CHAT"
			"PanelRow"		"25"
			"Description"		"#dota_chatwheel_label_Missing_Mid"
			"Version"		"1"
		}
		"ChatWheelMissingBottom"
		{
			"Name"		"ChatWheelMissingBottom"
			"Action"		"chatwheel_say 11"
			"Panel"		"#DOTA_KEYBIND_MENU_CHAT"
			"PanelRow"		"26"
			"Description"		"#dota_chatwheel_label_Missing_Bottom"
			"Version"		"1"
		}
		"HeroAttack"
		{
			"Name"		"HeroAttack"
			"Action"		"mc_attack"
			"Key"		"A"
			"Panel"		"#DOTA_KEYBIND_MENU_UNITACTIONS"
			"PanelRow"		"1"
			"Description"		"#DOTA_AttackMove"
			"Version"		"1"
		}
		"HeroMove"
		{
			"Name"		"HeroMove"
			"Action"		"mc_move"
			"Key"		"M"
			"Panel"		"#DOTA_KEYBIND_MENU_UNITACTIONS"
			"PanelRow"		"2"
			"Description"		"#DOTA_Move"
			"Version"		"1"
		}
		"HeroStop"
		{
			"Name"		"HeroStop"
			"Action"		"dota_stop"
			"Key"		"S"
			"Panel"		"#DOTA_KEYBIND_MENU_UNITACTIONS"
			"PanelRow"		"3"
			"Description"		"#DOTA_UnitStop"
			"Version"		"1"
		}
		"HeroHold"
		{
			"Name"		"HeroHold"
			"Action"		"dota_hold"
			"Panel"		"#DOTA_KEYBIND_MENU_UNITACTIONS"
			"PanelRow"		"4"
			"Description"		"#DOTA_UnitHold"
			"Version"		"1"
		}
		"HeroSelect"
		{
			"Name"		"HeroSelect"
			"Action"		"+dota_camera_follow"
			"Key"		"F1"
			"Panel"		"#DOTA_KEYBIND_MENU_UNITACTIONS"
			"PanelRow"		"6"
			"Description"		"#DOTA_HeroSelect"
			"Version"		"1"
		}
		"SelectAll"
		{
			"Name"		"SelectAll"
			"Action"		"dota_select_all"
			"Panel"		"#DOTA_KEYBIND_MENU_UNITACTIONS"
			"PanelRow"		"7"
			"Description"		"#DOTA_SelectAll"
			"Version"		"2"
			"Key"		"F3"
		}
		"SelectAllOthers"
		{
			"Name"		"SelectAllOthers"
			"Action"		"dota_select_all_others"
			"Panel"		"#DOTA_KEYBIND_MENU_UNITACTIONS"
			"PanelRow"		"8"
			"Description"		"#DOTA_SelectAllOthers"
			"Version"		"4"
		}
		"CourierSelect"
		{
			"Name"		"CourierSelect"
			"Action"		"dota_select_courier"
			"Panel"		"#DOTA_KEYBIND_MENU_UNITACTIONS"
			"PanelRow"		"10"
			"Description"		"#DOTA_SelectCourier"
			"Version"		"1"
			"Key"		"F2"
			"Mode"		"0"
		}
		"CourierDeliver"
		{
			"Name"		"CourierDeliver"
			"Action"		"dota_courier_deliver"
			"Panel"		"#DOTA_KEYBIND_MENU_UNITACTIONS"
			"PanelRow"		"11"
			"Description"		"#DOTA_CourierDeliver"
			"Version"		"2"
			"Key"		"F2"
			"Mode"		"0"
			"Modifier"		"ALT"
		}
		"CourierHaste"
		{
			"Name"		"CourierHaste"
			"Action"		"dota_courier_burst"
			"Panel"		"#DOTA_KEYBIND_MENU_UNITACTIONS"
			"PanelRow"		"12"
			"Description"		"#DOTA_CourierHaste"
			"Version"		"2"
			"Mode"		"0"
		}
		"UseActionItem"
		{
			"Name"		"UseActionItem"
			"Action"		"use_item_client player_loadout action_item"
			"Description"		"#DOTA_UseActionItem_Key"
			"Panel"		"#DOTA_KEYBIND_MENU_UNITACTIONS"
			"PanelRow"		"14"
			"Version"		"4"
			"Key"		"I"
		}
		"HeroTaunt"
		{
			"Name"		"HeroTaunt"
			"Action"		"use_item_client current_hero taunt"
			"Description"		"#DOTA_HeroTaunt_Key"
			"Panel"		"#DOTA_KEYBIND_MENU_UNITACTIONS"
			"PanelRow"		"15"
			"Version"		"4"
			"Key"		"U"
		}
		"ControlGroup1"
		{
			"Name"		"ControlGroup1"
			"Action"		"+dota_control_group 1"
			"Panel"		"#DOTA_KEYBIND_MENU_UNITACTIONS"
			"PanelRow"		"16"
			"Description"		"#DOTA_ControlGroup1"
			"Version"		"1"
		}
		"ControlGroup2"
		{
			"Name"		"ControlGroup2"
			"Action"		"+dota_control_group 2"
			"Panel"		"#DOTA_KEYBIND_MENU_UNITACTIONS"
			"PanelRow"		"17"
			"Description"		"#DOTA_ControlGroup2"
			"Version"		"1"
		}
		"ControlGroup3"
		{
			"Name"		"ControlGroup3"
			"Action"		"+dota_control_group 3"
			"Panel"		"#DOTA_KEYBIND_MENU_UNITACTIONS"
			"PanelRow"		"18"
			"Description"		"#DOTA_ControlGroup3"
			"Version"		"1"
		}
		"ControlGroup4"
		{
			"Name"		"ControlGroup4"
			"Action"		"+dota_control_group 4"
			"Panel"		"#DOTA_KEYBIND_MENU_UNITACTIONS"
			"PanelRow"		"19"
			"Description"		"#DOTA_ControlGroup4"
			"Version"		"1"
		}
		"ControlGroup5"
		{
			"Name"		"ControlGroup5"
			"Action"		"+dota_control_group 5"
			"Panel"		"#DOTA_KEYBIND_MENU_UNITACTIONS"
			"PanelRow"		"20"
			"Description"		"#DOTA_ControlGroup5"
			"Version"		"1"
		}
		"ControlGroup6"
		{
			"Name"		"ControlGroup6"
			"Action"		"+dota_control_group 6"
			"Panel"		"#DOTA_KEYBIND_MENU_UNITACTIONS"
			"PanelRow"		"21"
			"Description"		"#DOTA_ControlGroup6"
			"Version"		"1"
		}
		"ControlGroup7"
		{
			"Name"		"ControlGroup7"
			"Action"		"+dota_control_group 7"
			"Panel"		"#DOTA_KEYBIND_MENU_UNITACTIONS"
			"PanelRow"		"22"
			"Description"		"#DOTA_ControlGroup7"
			"Version"		"1"
		}
		"ControlGroup8"
		{
			"Name"		"ControlGroup8"
			"Action"		"+dota_control_group 8"
			"Panel"		"#DOTA_KEYBIND_MENU_UNITACTIONS"
			"PanelRow"		"23"
			"Description"		"#DOTA_ControlGroup8"
			"Version"		"1"
		}
		"ControlGroup9"
		{
			"Name"		"ControlGroup9"
			"Action"		"+dota_control_group 9"
			"Panel"		"#DOTA_KEYBIND_MENU_UNITACTIONS"
			"PanelRow"		"24"
			"Description"		"#DOTA_ControlGroup9"
			"Version"		"1"
		}
		"ControlGroup10"
		{
			"Name"		"ControlGroup10"
			"Action"		"+dota_control_group 10"
			"Panel"		"#DOTA_KEYBIND_MENU_UNITACTIONS"
			"PanelRow"		"25"
			"Description"		"#DOTA_ControlGroup10"
			"Version"		"1"
		}
		"ControlGroupCycle"
		{
			"Name"		"ControlGroupCycle"
			"Action"		"dota_cycle_selected"
			"Panel"		"#DOTA_KEYBIND_MENU_UNITACTIONS"
			"PanelRow"		"26"
			"Description"		"#DOTA_ControlGroupCycle"
			"Version"		"2"
			"Key"		"TAB"
		}
		"AbilityPrimary1"
		{
			"Name"		"AbilityPrimary1"
			"Action"		"dota_ability_execute 0"
			"Description"		"#DOTA_ExecuteAbility0"
			"Panel"		"#DOTA_KEYBIND_MENU_ABILITIES"
			"SubPanel"		"#DOTA_KEYBIND_ABILITY_HERO"
			"PanelRow"		"1"
			"Version"		"1"
			"Key"		"Q"
			"Mode"		"1"
		}
		"AbilityPrimary2"
		{
			"Name"		"AbilityPrimary2"
			"Action"		"dota_ability_execute 1"
			"Description"		"#DOTA_ExecuteAbility1"
			"Panel"		"#DOTA_KEYBIND_MENU_ABILITIES"
			"SubPanel"		"#DOTA_KEYBIND_ABILITY_HERO"
			"PanelRow"		"2"
			"Version"		"1"
			"Key"		"W"
			"Mode"		"1"
		}
		"AbilityPrimary3"
		{
			"Name"		"AbilityPrimary3"
			"Action"		"dota_ability_execute 2"
			"Description"		"#DOTA_ExecuteAbility2"
			"Panel"		"#DOTA_KEYBIND_MENU_ABILITIES"
			"SubPanel"		"#DOTA_KEYBIND_ABILITY_HERO"
			"PanelRow"		"3"
			"Version"		"1"
			"Key"		"E"
			"Mode"		"1"
		}
		"AbilitySecondary1"
		{
			"Name"		"AbilitySecondary1"
			"Action"		"dota_ability_execute 3"
			"Description"		"#DOTA_ExecuteAbility3"
			"Panel"		"#DOTA_KEYBIND_MENU_ABILITIES"
			"SubPanel"		"#DOTA_KEYBIND_ABILITY_HERO"
			"PanelRow"		"4"
			"Version"		"1"
			"Key"		"D"
			"Mode"		"1"
		}
		"AbilitySecondary2"
		{
			"Name"		"AbilitySecondary2"
			"Action"		"dota_ability_execute 4"
			"Description"		"#DOTA_ExecuteAbility4"
			"Panel"		"#DOTA_KEYBIND_MENU_ABILITIES"
			"SubPanel"		"#DOTA_KEYBIND_ABILITY_HERO"
			"PanelRow"		"5"
			"Version"		"1"
			"Key"		"F"
			"Mode"		"1"
		}
		"AbilityUltimate"
		{
			"Name"		"AbilityUltimate"
			"Action"		"dota_ability_execute 5"
			"Description"		"#DOTA_ExecuteAbility5"
			"Panel"		"#DOTA_KEYBIND_MENU_ABILITIES"
			"SubPanel"		"#DOTA_KEYBIND_ABILITY_HERO"
			"PanelRow"		"6"
			"Version"		"1"
			"Key"		"R"
			"Mode"		"1"
		}
		"AbilityPrimary1AutoCast"
		{
			"Name"		"AbilityPrimary1AutoCast"
			"Action"		"dota_ability_autocast 0"
			"Description"		"#DOTA_AutocastAbility0"
			"Panel"		"#DOTA_KEYBIND_MENU_ABILITIES"
			"SubPanel"		"#DOTA_KEYBIND_ABILITY_HERO"
			"PanelRow"		"13"
			"Version"		"1"
			"Key"		"q"
			"Modifier"		"ALT"
			"Mode"		"0"
		}
		"AbilityPrimary2AutoCast"
		{
			"Name"		"AbilityPrimary2AutoCast"
			"Action"		"dota_ability_autocast 1"
			"Description"		"#DOTA_AutocastAbility1"
			"Panel"		"#DOTA_KEYBIND_MENU_ABILITIES"
			"SubPanel"		"#DOTA_KEYBIND_ABILITY_HERO"
			"PanelRow"		"14"
			"Version"		"1"
			"Key"		"w"
			"Modifier"		"ALT"
			"Mode"		"0"
		}
		"AbilityPrimary3AutoCast"
		{
			"Name"		"AbilityPrimary3AutoCast"
			"Action"		"dota_ability_autocast 2"
			"Description"		"#DOTA_AutocastAbility2"
			"Panel"		"#DOTA_KEYBIND_MENU_ABILITIES"
			"SubPanel"		"#DOTA_KEYBIND_ABILITY_HERO"
			"PanelRow"		"15"
			"Version"		"1"
			"Key"		"e"
			"Modifier"		"ALT"
			"Mode"		"0"
		}
		"AbilitySecondary1AutoCast"
		{
			"Name"		"AbilitySecondary1AutoCast"
			"Action"		"dota_ability_autocast 3"
			"Description"		"#DOTA_AutocastAbility3"
			"Panel"		"#DOTA_KEYBIND_MENU_ABILITIES"
			"SubPanel"		"#DOTA_KEYBIND_ABILITY_HERO"
			"PanelRow"		"16"
			"Version"		"1"
			"Key"		"d"
			"Modifier"		"ALT"
			"Mode"		"0"
		}
		"AbilitySecondary2AutoCast"
		{
			"Name"		"AbilitySecondary2AutoCast"
			"Action"		"dota_ability_autocast 4"
			"Description"		"#DOTA_AutocastAbility4"
			"Panel"		"#DOTA_KEYBIND_MENU_ABILITIES"
			"SubPanel"		"#DOTA_KEYBIND_ABILITY_HERO"
			"PanelRow"		"17"
			"Version"		"1"
			"Key"		"f"
			"Modifier"		"ALT"
			"Mode"		"0"
		}
		"AbilityUltimateAutoCast"
		{
			"Name"		"AbilityUltimateAutoCast"
			"Action"		"dota_ability_autocast 5"
			"Description"		"#DOTA_AutocastAbility5"
			"Panel"		"#DOTA_KEYBIND_MENU_ABILITIES"
			"SubPanel"		"#DOTA_KEYBIND_ABILITY_HERO"
			"PanelRow"		"18"
			"Version"		"1"
			"Key"		"r"
			"Modifier"		"ALT"
			"Mode"		"0"
		}
		"LearnAbilities"
		{
			"Name"		"LearnAbilities"
			"Action"		"dota_ability_learn_mode"
			"Description"		"#DOTA_Learn_Abilities"
			"Panel"		"#DOTA_KEYBIND_MENU_ABILITIES"
			"SubPanel"		"#DOTA_KEYBIND_ABILITY_HERO"
			"PanelRow"		"8"
			"Version"		"1"
		}
		"LearnStats"
		{
			"Name"		"LearnStats"
			"Action"		"dota_learn_stats"
			"Key"		"Y"
			"Description"		"#DOTA_Learn_Stats"
			"Panel"		"#DOTA_KEYBIND_MENU_ABILITIES"
			"SubPanel"		"#DOTA_KEYBIND_ABILITY_HERO"
			"PanelRow"		"9"
			"Version"		"1"
		}
		"LegacyAbilityPrimary1"
		{
			"Name"		"LegacyAbilityPrimary1"
			"Action"		"dota_ability_execute 0"
			"Description"		"#DOTA_ExecuteAbility0"
			"Version"		"1"
			"PanelRow"		"0"
		}
		"LegacyAbilityPrimary2"
		{
			"Name"		"LegacyAbilityPrimary2"
			"Action"		"dota_ability_execute 1"
			"Description"		"#DOTA_ExecuteAbility1"
			"Version"		"1"
			"PanelRow"		"0"
		}
		"LegacyAbilityPrimary3"
		{
			"Name"		"LegacyAbilityPrimary3"
			"Action"		"dota_ability_execute 2"
			"Description"		"#DOTA_ExecuteAbility2"
			"Version"		"1"
			"PanelRow"		"0"
		}
		"LegacyAbilitySecondary1"
		{
			"Name"		"LegacyAbilitySecondary1"
			"Action"		"dota_ability_execute 3"
			"Description"		"#DOTA_ExecuteAbility3"
			"Version"		"1"
			"PanelRow"		"0"
		}
		"LegacyAbilitySecondary2"
		{
			"Name"		"LegacyAbilitySecondary2"
			"Action"		"dota_ability_execute 4"
			"Description"		"#DOTA_ExecuteAbility4"
			"Version"		"1"
			"PanelRow"		"0"
		}
		"LegacyAbilityUltimate"
		{
			"Name"		"LegacyAbilityUltimate"
			"Action"		"dota_ability_execute 5"
			"Description"		"#DOTA_ExecuteAbility5"
			"Version"		"1"
			"PanelRow"		"0"
		}
		"Inventory1"
		{
			"Name"		"Inventory1"
			"Action"		"dota_item_execute 0"
			"Panel"		"#DOTA_KEYBIND_MENU_ITEMS"
			"PanelRow"		"1"
			"Description"		"#DOTA_Inventory1"
			"Version"		"1"
			"Key"		"1"
			"Mode"		"1"
		}
		"Inventory2"
		{
			"Name"		"Inventory2"
			"Action"		"dota_item_execute 1"
			"Panel"		"#DOTA_KEYBIND_MENU_ITEMS"
			"PanelRow"		"2"
			"Description"		"#DOTA_Inventory2"
			"Version"		"1"
			"Key"		"2"
			"Mode"		"1"
		}
		"Inventory3"
		{
			"Name"		"Inventory3"
			"Action"		"dota_item_execute 2"
			"Panel"		"#DOTA_KEYBIND_MENU_ITEMS"
			"PanelRow"		"3"
			"Description"		"#DOTA_Inventory3"
			"Version"		"1"
			"Key"		"3"
			"Mode"		"1"
		}
		"Inventory4"
		{
			"Name"		"Inventory4"
			"Action"		"dota_item_execute 3"
			"Panel"		"#DOTA_KEYBIND_MENU_ITEMS"
			"PanelRow"		"4"
			"Description"		"#DOTA_Inventory4"
			"Version"		"1"
			"Key"		"Z"
			"Mode"		"1"
		}
		"Inventory5"
		{
			"Name"		"Inventory5"
			"Action"		"dota_item_execute 4"
			"Panel"		"#DOTA_KEYBIND_MENU_ITEMS"
			"PanelRow"		"5"
			"Description"		"#DOTA_Inventory5"
			"Version"		"1"
			"Key"		"X"
			"Mode"		"1"
		}
		"Inventory6"
		{
			"Name"		"Inventory6"
			"Action"		"dota_item_execute 5"
			"Panel"		"#DOTA_KEYBIND_MENU_ITEMS"
			"PanelRow"		"6"
			"Description"		"#DOTA_Inventory6"
			"Version"		"1"
			"Key"		"C"
			"Mode"		"1"
		}
		"Inventory1QuickCast"
		{
			"Name"		"Inventory1QuickCast"
			"Action"		"dota_item_quick_cast 0"
			"Description"		"#DOTA_QuickCastInventory1"
			"Panel"		"#DOTA_KEYBIND_MENU_ITEMS"
			"PanelRow"		"16"
			"Version"		"1"
		}
		"Inventory2QuickCast"
		{
			"Name"		"Inventory2QuickCast"
			"Action"		"dota_item_quick_cast 1"
			"Description"		"#DOTA_QuickCastInventory2"
			"Panel"		"#DOTA_KEYBIND_MENU_ITEMS"
			"PanelRow"		"17"
			"Version"		"1"
		}
		"Inventory3QuickCast"
		{
			"Name"		"Inventory3QuickCast"
			"Action"		"dota_item_quick_cast 2"
			"Description"		"#DOTA_QuickCastInventory3"
			"Panel"		"#DOTA_KEYBIND_MENU_ITEMS"
			"PanelRow"		"18"
			"Version"		"1"
		}
		"Inventory4QuickCast"
		{
			"Name"		"Inventory4QuickCast"
			"Action"		"dota_item_quick_cast 3"
			"Description"		"#DOTA_QuickCastInventory4"
			"Panel"		"#DOTA_KEYBIND_MENU_ITEMS"
			"PanelRow"		"19"
			"Version"		"1"
		}
		"Inventory5QuickCast"
		{
			"Name"		"Inventory5QuickCast"
			"Action"		"dota_item_quick_cast 4"
			"Description"		"#DOTA_QuickCastInventory5"
			"Panel"		"#DOTA_KEYBIND_MENU_ITEMS"
			"PanelRow"		"20"
			"Version"		"1"
		}
		"Inventory6QuickCast"
		{
			"Name"		"Inventory6QuickCast"
			"Action"		"dota_item_quick_cast 5"
			"Description"		"#DOTA_QuickCastInventory6"
			"Panel"		"#DOTA_KEYBIND_MENU_ITEMS"
			"PanelRow"		"21"
			"Version"		"1"
		}
		"ShopToggle"
		{
			"Name"		"ShopToggle"
			"Action"		"toggleshoppanel"
			"Key"		"F4"
			"Panel"		"#DOTA_KEYBIND_MENU_ITEMS"
			"PanelRow"		"8"
			"Description"		"#DOTA_Shop"
			"Version"		"1"
		}
		"PurchaseQuickbuy"
		{
			"Name"		"PurchaseQuickbuy"
			"Action"		"dota_purchase_quickbuy"
			"Key"		"F5"
			"Panel"		"#DOTA_KEYBIND_MENU_ITEMS"
			"PanelRow"		"9"
			"Description"		"#DOTA_PurchaseQuickbuy"
			"Version"		"2"
		}
		"PurchaseSticky"
		{
			"Name"		"PurchaseSticky"
			"Action"		"dota_purchase_stickybuy"
			"Key"		"F7"
			"Panel"		"#DOTA_KEYBIND_MENU_ITEMS"
			"PanelRow"		"10"
			"Description"		"#DOTA_PurchaseSticky"
			"Version"		"1"
		}
		"GrabStashItems"
		{
			"Name"		"GrabStashItems"
			"Action"		"stash_grab_all"
			"Panel"		"#DOTA_KEYBIND_MENU_ITEMS"
			"PanelRow"		"12"
			"Description"		"#DOTA_GrabStashItems"
			"Version"		"1"
		}
		"Console"
		{
			"Name"		"Console"
			"Action"		"toggleconsole"
			"Panel"		"#DOTA_KEYBIND_MENU_METAGAME"
			"PanelRow"		"1"
			"Description"		"#DOTA_Console"
			"PreGameBind"		"1"
			"Version"		"1"
			"Key"		"="
			"Mode"		"0"
		}
		"Pause"
		{
			"Name"		"Pause"
			"Action"		"dota_pause"
			"Key"		"F9"
			"Panel"		"#DOTA_KEYBIND_MENU_METAGAME"
			"PanelRow"		"2"
			"Description"		"#DOTA_Pause"
			"Version"		"2"
		}
		"ScreenshotSettings"
		{
			"Name"		"ScreenshotSettings"
			"Action"		"jpeg_screenshot"
			"Panel"		"#DOTA_KEYBIND_MENU_METAGAME"
			"PanelRow"		"3"
			"Description"		"#DOTA_Screenshot"
			"Version"		"2"
		}
		"Escape"
		{
			"Name"		"Escape"
			"Action"		"escape"
			"Key"		"ESCAPE"
			"Description"		"#DOTA_Escape"
			"Version"		"1"
			"PanelRow"		"0"
		}
		"SpectatorCameraUp"
		{
			"Name"		"SpectatorCameraUp"
			"Action"		"+forward"
			"Key"		"UPARROW"
			"Panel"		"#DOTA_KEYBIND_MENU_SPECTATOR"
			"SubPanel"		"#DOTA_KEYBIND_SPECTATOR_CONTROLS"
			"PanelRow"		"1"
			"Description"		"#DOTA_SpectatorForward"
			"Version"		"2"
			"Modifier"		"None"
			"Mode"		"0"
		}
		"SpectatorCameraDown"
		{
			"Name"		"SpectatorCameraDown"
			"Action"		"+back"
			"Key"		"DOWNARROW"
			"Panel"		"#DOTA_KEYBIND_MENU_SPECTATOR"
			"SubPanel"		"#DOTA_KEYBIND_SPECTATOR_CONTROLS"
			"PanelRow"		"2"
			"Description"		"#DOTA_SpectatorBack"
			"Version"		"2"
			"Modifier"		"None"
			"Mode"		"0"
		}
		"SpectatorCameraLeft"
		{
			"Name"		"SpectatorCameraLeft"
			"Action"		"+moveleft"
			"Key"		"LEFTARROW"
			"Panel"		"#DOTA_KEYBIND_MENU_SPECTATOR"
			"SubPanel"		"#DOTA_KEYBIND_SPECTATOR_CONTROLS"
			"PanelRow"		"3"
			"Description"		"#DOTA_SpectatorLeft"
			"Version"		"2"
			"Modifier"		"None"
			"Mode"		"0"
		}
		"SpectatorCameraRight"
		{
			"Name"		"SpectatorCameraRight"
			"Action"		"+moveright"
			"Key"		"RIGHTARROW"
			"Panel"		"#DOTA_KEYBIND_MENU_SPECTATOR"
			"SubPanel"		"#DOTA_KEYBIND_SPECTATOR_CONTROLS"
			"PanelRow"		"4"
			"Description"		"#DOTA_SpectatorRight"
			"Version"		"2"
			"Modifier"		"None"
			"Mode"		"0"
		}
		"SpectatorCameraGrip"
		{
			"Name"		"SpectatorCameraGrip"
			"Action"		"+cameragrip"
			"Panel"		"#DOTA_KEYBIND_MENU_SPECTATOR"
			"SubPanel"		"#DOTA_KEYBIND_SPECTATOR_CONTROLS"
			"PanelRow"		"5"
			"Description"		"#DOTA_SpectatorGrip"
			"Version"		"2"
			"Key"		"SPACE"
			"Modifier"		"None"
			"Mode"		"0"
		}
		"SpectatorPause"
		{
			"Name"		"SpectatorPause"
			"Action"		"dota_spectator_pausetoggle"
			"Panel"		"#DOTA_KEYBIND_MENU_SPECTATOR"
			"SubPanel"		"#DOTA_KEYBIND_SPECTATOR_CONTROLS"
			"PanelRow"		"7"
			"Description"		"#DOTA_SpectatorPause"
			"Version"		"2"
			"Key"		"F9"
			"Modifier"		"None"
			"Mode"		"0"
		}
		"SpectatorSelect"
		{
			"Name"		"SpectatorSelect"
			"Action"		"dota_spectator_select_under_mouse"
			"Panel"		"#DOTA_KEYBIND_MENU_SPECTATOR"
			"SubPanel"		"#DOTA_KEYBIND_SPECTATOR_CONTROLS"
			"PanelRow"		"9"
			"Description"		"#DOTA_SpectatorSelect"
			"Version"		"3"
		}
		"SpectatorIncreaseReplaySpeed"
		{
			"Name"		"SpectatorIncreaseReplaySpeed"
			"Action"		"dota_spectator_increasereplayspeed"
			"Key"		"="
			"Panel"		"#DOTA_KEYBIND_MENU_SPECTATOR"
			"SubPanel"		"#DOTA_KEYBIND_SPECTATOR_CONTROLS"
			"PanelRow"		"22"
			"Description"		"#DOTA_SpectatorIncreaseReplaySpeed"
			"Version"		"3"
		}
		"SpectatorDecreaseReplaySpeed"
		{
			"Name"		"SpectatorDecreaseReplaySpeed"
			"Action"		"dota_spectator_decreasereplayspeed"
			"Panel"		"#DOTA_KEYBIND_MENU_SPECTATOR"
			"SubPanel"		"#DOTA_KEYBIND_SPECTATOR_CONTROLS"
			"PanelRow"		"23"
			"Description"		"#DOTA_SpectatorDecreaseReplaySpeed"
			"Version"		"3"
		}
		"SpectatorChat"
		{
			"Name"		"SpectatorChat"
			"Action"		"say"
			"Key"		"ENTER"
			"Panel"		"#DOTA_KEYBIND_MENU_SPECTATOR"
			"SubPanel"		"#DOTA_KEYBIND_SPECTATOR_CONTROLS"
			"PanelRow"		"8"
			"Description"		"#DOTA_SpectatorChat"
			"Version"		"3"
			"Modifier"		"SHIFT"
			"Mode"		"0"
		}
		"SpectatorCoach_ViewToggle"
		{
			"Name"		"SpectatorCoach_ViewToggle"
			"Action"		"coach_toggle_studentview"
			"Panel"		"#DOTA_KEYBIND_MENU_SPECTATOR"
			"SubPanel"		"#DOTA_KEYBIND_SPECTATOR_CONTROLS"
			"PanelRow"		"12"
			"Description"		"#DOTA_SpectatorCoach_ViewToggle"
			"Version"		"3"
			"Key"		"C"
		}
		"SpectatorScoreboard"
		{
			"Name"		"SpectatorScoreboard"
			"Action"		"+showscores"
			"Panel"		"#DOTA_KEYBIND_MENU_SPECTATOR"
			"SubPanel"		"#DOTA_KEYBIND_SPECTATOR_CONTROLS"
			"PanelRow"		"9"
			"Description"		"#DOTA_SpectatorScoreboard"
			"Version"		"2"
			"Key"		"-"
			"Modifier"		"None"
			"Mode"		"0"
		}
		"SpectatorStatsHarvest"
		{
			"Name"		"SpectatorStatsHarvest"
			"Action"		"dota_spectator_statstoggle 0"
			"Key"		"F4"
			"Panel"		"#DOTA_KEYBIND_MENU_SPECTATOR"
			"SubPanel"		"#DOTA_KEYBIND_SPECTATOR_CONTROLS"
			"PanelRow"		"13"
			"Description"		"#DOTA_SpectatorStatsHarvest"
			"Version"		"2"
		}
		"SpectatorStatsItem"
		{
			"Name"		"SpectatorStatsItem"
			"Action"		"dota_spectator_statstoggle 1"
			"Key"		"F5"
			"Panel"		"#DOTA_KEYBIND_MENU_SPECTATOR"
			"SubPanel"		"#DOTA_KEYBIND_SPECTATOR_CONTROLS"
			"PanelRow"		"14"
			"Description"		"#DOTA_SpectatorStatsItem"
			"Version"		"2"
		}
		"SpectatorStatsGold"
		{
			"Name"		"SpectatorStatsGold"
			"Action"		"dota_spectator_statstoggle 2"
			"Key"		"F6"
			"Panel"		"#DOTA_KEYBIND_MENU_SPECTATOR"
			"SubPanel"		"#DOTA_KEYBIND_SPECTATOR_CONTROLS"
			"PanelRow"		"15"
			"Description"		"#DOTA_SpectatorStatsGold"
			"Version"		"2"
		}
		"SpectatorStatsXP"
		{
			"Name"		"SpectatorStatsXP"
			"Action"		"dota_spectator_statstoggle 4"
			"Key"		"F7"
			"Panel"		"#DOTA_KEYBIND_MENU_SPECTATOR"
			"SubPanel"		"#DOTA_KEYBIND_SPECTATOR_CONTROLS"
			"PanelRow"		"16"
			"Description"		"#DOTA_SpectatorStatsXP"
			"Version"		"2"
		}
		"SpectatorStatsFantasy"
		{
			"Name"		"SpectatorStatsFantasy"
			"Action"		"dota_spectator_statstoggle 5"
			"Key"		"F8"
			"Panel"		"#DOTA_KEYBIND_MENU_SPECTATOR"
			"SubPanel"		"#DOTA_KEYBIND_SPECTATOR_CONTROLS"
			"PanelRow"		"17"
			"Description"		"#DOTA_SpectatorStatsFantasy"
			"Version"		"2"
		}
		"SpectatorFOWBoth"
		{
			"Name"		"SpectatorFOWBoth"
			"Action"		"dota_spectator_fowtoggle 0"
			"Key"		"F1"
			"Panel"		"#DOTA_KEYBIND_MENU_SPECTATOR"
			"SubPanel"		"#DOTA_KEYBIND_SPECTATOR_CONTROLS"
			"PanelRow"		"18"
			"Description"		"#DOTA_SpectatorFOWBoth"
			"Version"		"3"
		}
		"SpectatorFOWRadient"
		{
			"Name"		"SpectatorFOWRadient"
			"Action"		"dota_spectator_fowtoggle 1"
			"Key"		"F2"
			"Panel"		"#DOTA_KEYBIND_MENU_SPECTATOR"
			"SubPanel"		"#DOTA_KEYBIND_SPECTATOR_CONTROLS"
			"PanelRow"		"19"
			"Description"		"#DOTA_SpectatorFOWRadient"
			"Version"		"3"
		}
		"SpectatorFOWDire"
		{
			"Name"		"SpectatorFOWDire"
			"Action"		"dota_spectator_fowtoggle 2"
			"Key"		"F3"
			"Panel"		"#DOTA_KEYBIND_MENU_SPECTATOR"
			"SubPanel"		"#DOTA_KEYBIND_SPECTATOR_CONTROLS"
			"PanelRow"		"20"
			"Description"		"#DOTA_SpectatorFOWDire"
			"Version"		"3"
		}
		"SpectatorBroadcasterMenu"
		{
			"Name"		"SpectatorBroadcasterMenu"
			"Action"		"broadcaster_openmenu"
			"Panel"		"#DOTA_KEYBIND_MENU_SPECTATOR"
			"SubPanel"		"#DOTA_KEYBIND_SPECTATOR_CONTROLS"
			"PanelRow"		"10"
			"Description"		"#DOTA_SpectatorBroadcasterMenu"
			"Version"		"2"
		}
		"SpectatorDropdown_KDA"
		{
			"Name"		"SpectatorDropdown_KDA"
			"Action"		"stat_dropdown kda"
			"Key"		"q"
			"Panel"		"#DOTA_KEYBIND_MENU_SPECTATOR"
			"SubPanel"		"#DOTA_KEYBIND_SPECTATOR_STATS"
			"PanelRow"		"1"
			"Description"		"#DOTA_SpectatorDropdown_KDA"
			"Version"		"1"
		}
		"SpectatorDropdown_Lasthits_Denies"
		{
			"Name"		"SpectatorDropdown_Lasthits_Denies"
			"Action"		"stat_dropdown lasthits_denies"
			"Key"		"w"
			"Panel"		"#DOTA_KEYBIND_MENU_SPECTATOR"
			"SubPanel"		"#DOTA_KEYBIND_SPECTATOR_STATS"
			"PanelRow"		"2"
			"Description"		"#DOTA_SpectatorDropdown_Lasthits_Denies"
			"Version"		"1"
		}
		"SpectatorDropdown_Level"
		{
			"Name"		"SpectatorDropdown_Level"
			"Action"		"stat_dropdown level"
			"Key"		"e"
			"Panel"		"#DOTA_KEYBIND_MENU_SPECTATOR"
			"SubPanel"		"#DOTA_KEYBIND_SPECTATOR_STATS"
			"PanelRow"		"3"
			"Description"		"#DOTA_SpectatorDropdown_Level"
			"Version"		"1"
		}
		"SpectatorDropdown_XP_Per_Min"
		{
			"Name"		"SpectatorDropdown_XP_Per_Min"
			"Action"		"stat_dropdown xp_per_min"
			"Key"		"r"
			"Panel"		"#DOTA_KEYBIND_MENU_SPECTATOR"
			"SubPanel"		"#DOTA_KEYBIND_SPECTATOR_STATS"
			"PanelRow"		"4"
			"Description"		"#DOTA_SpectatorDropdown_XP_Per_Min"
			"Version"		"1"
		}
		"SpectatorDropdown_Gold"
		{
			"Name"		"SpectatorDropdown_Gold"
			"Action"		"stat_dropdown gold"
			"Key"		"t"
			"Panel"		"#DOTA_KEYBIND_MENU_SPECTATOR"
			"SubPanel"		"#DOTA_KEYBIND_SPECTATOR_STATS"
			"PanelRow"		"5"
			"Description"		"#DOTA_SpectatorDropdown_Gold"
			"Version"		"1"
		}
		"SpectatorDropdown_NetWorth"
		{
			"Name"		"SpectatorDropdown_NetWorth"
			"Action"		"stat_dropdown networth"
			"Panel"		"#DOTA_KEYBIND_MENU_SPECTATOR"
			"SubPanel"		"#DOTA_KEYBIND_SPECTATOR_STATS"
			"PanelRow"		"6"
			"Description"		"#DOTA_SpectatorDropdown_NetWorth"
			"Version"		"1"
			"Key"		"Y"
			"Mode"		"0"
		}
		"SpectatorDropdown_Fantasy"
		{
			"Name"		"SpectatorDropdown_Fantasy"
			"Action"		"stat_dropdown fantasy"
			"Key"		"o"
			"Panel"		"#DOTA_KEYBIND_MENU_SPECTATOR"
			"SubPanel"		"#DOTA_KEYBIND_SPECTATOR_STATS"
			"PanelRow"		"9"
			"Description"		"#DOTA_SpectatorDropdown_Fantasy"
			"Version"		"1"
		}
		"SpectatorDropdown_TotalGold"
		{
			"Name"		"SpectatorDropdown_TotalGold"
			"Action"		"stat_dropdown totalgold"
			"Panel"		"#DOTA_KEYBIND_MENU_SPECTATOR"
			"SubPanel"		"#DOTA_KEYBIND_SPECTATOR_STATS"
			"PanelRow"		"-1"
			"Description"		"#DOTA_SpectatorDropdown_TotalGold"
			"Version"		"4"
		}
		"SpectatorDropdown_Gold_Per_Min"
		{
			"Name"		"SpectatorDropdown_Gold_Per_Min"
			"Action"		"stat_dropdown gold_per_min"
			"Key"		"u"
			"Panel"		"#DOTA_KEYBIND_MENU_SPECTATOR"
			"SubPanel"		"#DOTA_KEYBIND_SPECTATOR_STATS"
			"PanelRow"		"7"
			"Description"		"#DOTA_SpectatorDropdown_Gold_Per_Min"
			"Version"		"1"
			"PanelParent"		"page2"
		}
		"SpectatorDropdown_Buyback"
		{
			"Name"		"SpectatorDropdown_Buyback"
			"Action"		"stat_dropdown buyback"
			"Key"		"i"
			"Panel"		"#DOTA_KEYBIND_MENU_SPECTATOR"
			"SubPanel"		"#DOTA_KEYBIND_SPECTATOR_STATS"
			"PanelRow"		"8"
			"Description"		"#DOTA_SpectatorDropdown_Buyback"
			"Version"		"1"
		}
		"SpectatorDropdown_Sort"
		{
			"Name"		"SpectatorDropdown_Sort"
			"Action"		"stat_dropdown_sort"
			"Key"		"s"
			"Panel"		"#DOTA_KEYBIND_MENU_SPECTATOR"
			"SubPanel"		"#DOTA_KEYBIND_SPECTATOR_STATS"
			"PanelRow"		"13"
			"Description"		"#DOTA_SpectatorDropdown_Sort"
			"Version"		"2"
		}
		"SpectatorDropdown_Close"
		{
			"Name"		"SpectatorDropdown_Close"
			"Action"		"stat_dropdown close"
			"Key"		"a"
			"Panel"		"#DOTA_KEYBIND_MENU_SPECTATOR"
			"SubPanel"		"#DOTA_KEYBIND_SPECTATOR_STATS"
			"PanelRow"		"14"
			"Description"		"#DOTA_SpectatorDropdown_Close"
			"Version"		"2"
		}
		"ShopTabConsumables"
		{
			"Name"		"ShopTabConsumables"
			"Action"		"shop_nav_to_tab 0"
			"Key"		"q"
			"Description"		"#DOTA_Shop_Hotkey_Consumables"
			"Version"		"2"
			"PanelRow"		"0"
		}
		"ShopTabAttributes"
		{
			"Name"		"ShopTabAttributes"
			"Action"		"shop_nav_to_tab 1"
			"Key"		"w"
			"Description"		"#DOTA_Shop_Hotkey_Attributes"
			"Version"		"2"
			"PanelRow"		"0"
		}
		"ShopTabArmaments"
		{
			"Name"		"ShopTabArmaments"
			"Action"		"shop_nav_to_tab 2"
			"Key"		"e"
			"Description"		"#DOTA_Shop_Hotkey_Armaments"
			"Version"		"2"
			"PanelRow"		"0"
		}
		"ShopTabArcane"
		{
			"Name"		"ShopTabArcane"
			"Action"		"shop_nav_to_tab 3"
			"Key"		"r"
			"Description"		"#DOTA_Shop_Hotkey_Arcane"
			"Version"		"2"
			"PanelRow"		"0"
		}
		"ShopTabBasics"
		{
			"Name"		"ShopTabBasics"
			"Action"		"shop_nav_to_tab 4"
			"Key"		"a"
			"Description"		"#DOTA_Shop_Hotkey_Basics"
			"Version"		"2"
			"PanelRow"		"0"
		}
		"ShopTabSupport"
		{
			"Name"		"ShopTabSupport"
			"Action"		"shop_nav_to_tab 5"
			"Key"		"s"
			"Description"		"#DOTA_Shop_Hotkey_Support"
			"Version"		"2"
			"PanelRow"		"0"
		}
		"ShopTabCaster"
		{
			"Name"		"ShopTabCaster"
			"Action"		"shop_nav_to_tab 6"
			"Key"		"d"
			"Description"		"#DOTA_Shop_Hotkey_Caster"
			"Version"		"2"
			"PanelRow"		"0"
		}
		"ShopTabWeapons"
		{
			"Name"		"ShopTabWeapons"
			"Action"		"shop_nav_to_tab 7"
			"Key"		"f"
			"Description"		"#DOTA_Shop_Hotkey_Weapons"
			"Version"		"2"
			"PanelRow"		"0"
		}
		"ShopTabArmor"
		{
			"Name"		"ShopTabArmor"
			"Action"		"shop_nav_to_tab 8"
			"Key"		"g"
			"Description"		"#DOTA_Shop_Hotkey_Armor"
			"Version"		"2"
			"PanelRow"		"0"
		}
		"ShopTabArtifacts"
		{
			"Name"		"ShopTabArtifacts"
			"Action"		"shop_nav_to_tab 9"
			"Key"		"h"
			"Description"		"#DOTA_Shop_Hotkey_Artifacts"
			"Version"		"2"
			"PanelRow"		"0"
		}
		"ShopTabSidePage1"
		{
			"Name"		"ShopTabSidePage1"
			"Action"		"shop_nav_to_tab 10"
			"Key"		"z"
			"Description"		"#DOTA_Shop_Hotkey_SidePage1"
			"Version"		"2"
			"PanelRow"		"0"
		}
		"ShopTabSidePage2"
		{
			"Name"		"ShopTabSidePage2"
			"Action"		"shop_nav_to_tab 11"
			"Key"		"x"
			"Description"		"#DOTA_Shop_Hotkey_SidePage2"
			"Version"		"2"
			"PanelRow"		"0"
		}
		"ShopTabSecret"
		{
			"Name"		"ShopTabSecret"
			"Action"		"shop_nav_to_tab 12"
			"Key"		"c"
			"Description"		"#DOTA_Shop_Hotkey_Secret"
			"Version"		"2"
			"PanelRow"		"0"
		}
		"ShopTabSearchBox"
		{
			"Name"		"ShopTabSearchBox"
			"Action"		"shop_nav_to_search"
			"Key"		"v"
			"Description"		"#DOTA_Shop_Hotkey_Search"
			"Version"		"4"
			"PanelRow"		"0"
		}
		"ShopSlot1"
		{
			"Name"		"ShopSlot1"
			"Action"		"shop_select_itemrow 1"
			"Key"		"1"
			"Version"		"3"
			"PanelRow"		"0"
		}
		"ShopSlot2"
		{
			"Name"		"ShopTabSecret"
			"Action"		"shop_select_itemrow 2"
			"Key"		"2"
			"Version"		"2"
			"PanelRow"		"0"
		}
		"ShopSlot3"
		{
			"Name"		"ShopTabSecret"
			"Action"		"shop_select_itemrow 3"
			"Key"		"3"
			"Version"		"2"
			"PanelRow"		"0"
		}
		"ShopSlot4"
		{
			"Name"		"ShopTabSecret"
			"Action"		"shop_select_itemrow 4"
			"Key"		"4"
			"Version"		"2"
			"PanelRow"		"0"
		}
		"ShopSlot5"
		{
			"Name"		"ShopTabSecret"
			"Action"		"shop_select_itemrow 5"
			"Key"		"5"
			"Version"		"2"
			"PanelRow"		"0"
		}
		"ShopSlot6"
		{
			"Name"		"ShopTabSecret"
			"Action"		"shop_select_itemrow 6"
			"Key"		"6"
			"Version"		"2"
			"PanelRow"		"0"
		}
		"ShopSlot7"
		{
			"Name"		"ShopTabSecret"
			"Action"		"shop_select_itemrow 7"
			"Key"		"7"
			"Version"		"2"
			"PanelRow"		"0"
		}
		"ShopSlot8"
		{
			"Name"		"ShopTabSecret"
			"Action"		"shop_select_itemrow 8"
			"Key"		"8"
			"Version"		"2"
			"PanelRow"		"0"
		}
		"ShopSlot9"
		{
			"Name"		"ShopTabSecret"
			"Action"		"shop_select_itemrow 9"
			"Key"		"9"
			"Version"		"2"
			"PanelRow"		"0"
		}
		"ShopSlot10"
		{
			"Name"		"ShopTabSecret"
			"Action"		"shop_select_itemrow 10"
			"Key"		"0"
			"Version"		"2"
			"PanelRow"		"0"
		}
		"ShopSlot11"
		{
			"Name"		"ShopTabSecret"
			"Action"		"shop_select_itemrow 11"
			"Key"		"-"
			"Version"		"2"
			"PanelRow"		"0"
		}
		"ShopSlot12"
		{
			"Name"		"ShopTabSecret"
			"Action"		"shop_select_itemrow 12"
			"Key"		"="
			"Version"		"1"
			"PanelRow"		"0"
		}
		"InspectHeroInWorld"
		{
			"Name"		"InspectHeroInWorld"
			"Action"		"inspectheroinworld"
			"Panel"		"#DOTA_KEYBIND_MENU_PLAYER"
			"PanelRow"		"13"
			"Description"		"#DOTA_InspectHeroInWorld"
			"Version"		"1"
		}
		"ChatVoiceParty"
		{
			"Name"		"ChatVoiceParty"
			"Action"		"+iv_voicerecord_party"
			"Panel"		"#DOTA_KEYBIND_MENU_CHAT"
			"PanelRow"		"3"
			"Description"		"#DOTA_Voice_Party"
			"Version"		"1"
			"Mode"		"0"
		}
		"ChatVoiceTeam"
		{
			"Name"		"ChatVoiceTeam"
			"Action"		"+voicerecord"
			"Panel"		"#DOTA_KEYBIND_MENU_CHAT"
			"PanelRow"		"3"
			"Description"		"#DOTA_Voice"
			"Version"		"1"
		}
		"HeroPatrol"
		{
			"Name"		"HeroPatrol"
			"Action"		"mc_patrol"
			"Panel"		"#DOTA_KEYBIND_MENU_UNITACTIONS"
			"PanelRow"		"2"
			"Version"		"1"
		}
		"CameraZoomIn"
		{
			"Mode"		"0"
		}
		"CameraZoomOut"
		{
			"Mode"		"0"
		}
		"ActivateRadar"
		{
			"Key"		"P"
			"Mode"		"0"
		}
		"SpectatorCameraFocusPlayer1"
		{
			"Key"		"1"
			"Mode"		"0"
		}
		"SpectatorCameraFocusPlayer2"
		{
			"Key"		"2"
			"Mode"		"0"
		}
		"SpectatorCameraFocusPlayer3"
		{
			"Key"		"3"
			"Mode"		"0"
		}
		"SpectatorCameraFocusPlayer4"
		{
			"Key"		"4"
			"Mode"		"0"
		}
		"SpectatorCameraFocusPlayer5"
		{
			"Key"		"5"
			"Mode"		"0"
		}
		"SpectatorCameraFocusPlayer6"
		{
			"Key"		"6"
			"Mode"		"0"
		}
		"SpectatorCameraFocusPlayer7"
		{
			"Key"		"7"
			"Mode"		"0"
		}
		"SpectatorCameraFocusPlayer8"
		{
			"Key"		"8"
			"Mode"		"0"
		}
		"SpectatorCameraFocusPlayer9"
		{
			"Key"		"9"
			"Mode"		"0"
		}
		"SpectatorCameraFocusPlayer10"
		{
			"Key"		"0"
			"Mode"		"0"
		}
		"Inventory1AutoCast"
		{
			"Key"		"1"
			"Modifier"		"ALT"
			"Mode"		"0"
		}
		"Inventory2AutoCast"
		{
			"Key"		"2"
			"Modifier"		"ALT"
			"Mode"		"0"
		}
		"Inventory3AutoCast"
		{
			"Key"		"3"
			"Modifier"		"ALT"
			"Mode"		"0"
		}
		"Inventory6AutoCast"
		{
			"Key"		"c"
			"Modifier"		"ALT"
			"Mode"		"0"
		}
		"Inventory5AutoCast"
		{
			"Key"		"x"
			"Modifier"		"ALT"
			"Mode"		"0"
		}
		"Inventory4AutoCast"
		{
			"Key"		"z"
			"Modifier"		"ALT"
			"Mode"		"0"
		}
		"DotaAlt"
		{
			"Key"		"LWIN"
			"Mode"		"0"
		}
		"ShopSlot13"
		{
			"Key"		"["
			"Mode"		"0"
		}
		"ShopSlot14"
		{
			"Key"		"]"
			"Mode"		"0"
		}
	}
	"HeroBuildNagCount2"		"3"
	"HeroBuilds"
	{
		"tiny"		"cloud: guides/tiny_scratch.build"
		"bane"		"cloud: guides/bane_scratch.build"
		"antimage"		"cloud: guides/antimage_scratch.build"
		"witch_doctor"		"cloud: guides/witch_doctor_scratch.build"
		"lina"		"cloud: guides/lina_scratch.build"
		"rattletrap"		"cloud: guides/rattletrap_scratch.build"
		"templar_assassin"		"cloud: guides/templar_assassin_scratch.build"
		"warlock"		"cloud: guides/warlock_scratch.build"
		"phantom_lancer"		"cloud: guides/phantom_lancer_scratch.build"
		"terrorblade"		"cloud: guides/terrorblade_scratch.build"
		"slardar"		"cloud: guides/slardar_scratch.build"
		"furion"		"cloud: guides/furion_scratch.build"
		"Invoker"		"cloud: guides/invoker_scratch.build"
		"keeper_of_the_light"		"cloud: guides/keeper_of_the_light_scratch.build"
		"faceless_void"		"cloud: guides/faceless_void_scratch.build"
		"phoenix"		"cloud: guides/phoenix_scratch.build"
		"beastmaster"		"cloud: guides/beastmaster_scratch.build"
		"omniknight"		"cloud: guides/omniknight_scratch.build"
		"chaos_knight"		"cloud: guides/chaos_knight_scratch.build"
		"tidehunter"		"cloud: guides/tidehunter_scratch.build"
		"windrunner"		"cloud: guides/windrunner_scratch.build"
		"storm_spirit"		"cloud: guides/storm_spirit_scratch.build"
		"life_stealer"		"cloud: guides/life_stealer_scratch.build"
		"legion_commander"		"cloud: guides/legion_commander_scratch.build"
		"phantom_assassin"		"cloud: guides/phantom_assassin_scratch.build"
		"ember_spirit"		"cloud: guides/ember_spirit_scratch.build"
		"lone_druid"		"cloud: guides/lone_druid_scratch.build"
		"brewmaster"		"cloud: guides/brewmaster_scratch.build"
		"lycan"		"cloud: guides/lycan_scratch.build"
		"axe"		"cloud: guides/axe_scratch.build"
		"sven"		"cloud: guides/sven_scratch.build"
		"enchantress"		"cloud: guides/enchantress_scratch.build"
		"abaddon"		"cloud: guides/abaddon_scratch.build"
		"troll_warlord"		"cloud: guides/troll_warlord_scratch.build"
		"treant"		"cloud: guides/treant_scratch.build"
		"meepo"		"cloud: guides/meepo_scratch.build"
		"tinker"		"cloud: guides/tinker_scratch.build"
		"skeleton_king"		"cloud: guides/skeleton_king_scratch.build"
		"gyrocopter"		"cloud: guides/gyrocopter_scratch.build"
		"pudge"		"cloud: guides/pudge_scratch.build"
		"vengefulspirit"		"cloud: guides/vengefulspirit_scratch.build"
		"puck"		"cloud: guides/puck_scratch.build"
		"magnataur"		"cloud: guides/magnataur_scratch.build"
		"dark_seer"		"cloud: guides/dark_seer_scratch.build"
		"tusk"		"cloud: guides/tusk_scratch.build"
		"disruptor"		"cloud: guides/disruptor_scratch.build"
		"shredder"		"cloud: guides/shredder_scratch.build"
		"razor"		"cloud: guides/razor_scratch.build"
		"zuus"		"cloud: guides/zuus_scratch.build"
		"broodmother"		"cloud: guides/broodmother_scratch.build"
		"necrolyte"		"cloud: guides/necrolyte_scratch.build"
		"naga_siren"		"cloud: guides/naga_siren_scratch.build"
		"visage"		"cloud: guides/visage_scratch.build"
		"sand_king"		"cloud: guides/sand_king_scratch.build"
		"juggernaut"		"cloud: guides/juggernaut_scratch.build"
		"obsidian_destroyer"		"cloud: guides/obsidian_destroyer_scratch.build"
		"ursa"		"cloud: guides/ursa_scratch.build"
		"centaur"		"cloud: guides/centaur_scratch.build"
		"bounty_hunter"		"cloud: guides/bounty_hunter_scratch.build"
		"crystal_maiden"		"cloud: guides/crystal_maiden_scratch.build"
		"kunkka"		"cloud: guides/kunkka_scratch.build"
		"jakiro"		"cloud: guides/jakiro_scratch.build"
		"bristleback"		"cloud: guides/bristleback_scratch.build"
		"death_prophet"		"cloud: guides/death_prophet_scratch.build"
		"leshrac"		"cloud: guides/leshrac_scratch.build"
		"lich"		"cloud: guides/lich_scratch.build"
		"alchemist"		"cloud: guides/alchemist_scratch.build"
		"mirana"		"cloud: guides/mirana_scratch.build"
		"techies"		"cloud: guides/techies_scratch.build"
		"medusa"		"cloud: guides/medusa_scratch.build"
		"batrider"		"cloud: guides/batrider_scratch.build"
		"luna"		"cloud: guides/luna_scratch.build"
		"venomancer"		"cloud: guides/venomancer_scratch.build"
		"pugna"		"cloud: guides/pugna_scratch.build"
		"drow_ranger"		"cloud: guides/drow_ranger_scratch.build"
		"spectre"		"cloud: guides/spectre_scratch.build"
		"morphling"		"cloud: guides/morphling_scratch.build"
		"chen"		"cloud: guides/chen_scratch.build"
		"weaver"		"cloud: guides/weaver_scratch.build"
		"enigma"		"cloud: guides/enigma_scratch.build"
		"doom_bringer"		"cloud: guides/doom_bringer_scratch.build"
		"earth_spirit"		"cloud: guides/earth_spirit_scratch.build"
		"skywrath_mage"		"cloud: guides/skywrath_mage_scratch.build"
		"night_stalker"		"cloud: guides/night_stalker_scratch.build"
		"wisp"		"cloud: guides/wisp_scratch.build"
		"clinkz"		"cloud: guides/clinkz_scratch.build"
		"nyx_assassin"		"cloud: guides/nyx_assassin_scratch.build"
		"undying"		"cloud: guides/undying_scratch.build"
		"riki"		"cloud: guides/riki_scratch.build"
		"sniper"		"cloud: guides/sniper_scratch.build"
		"shadow_shaman"		"cloud: guides/shadow_shaman_scratch.build"
		"rubick"		"cloud: guides/rubick_scratch.build"
		"shadow_demon"		"cloud: guides/shadow_demon_scratch.build"
		"spirit_breaker"		"cloud: guides/spirit_breaker_scratch.build"
		"bloodseeker"		"cloud: guides/bloodseeker_scratch.build"
		"lion"		"cloud: guides/lion_scratch.build"
		"huskar"		"cloud: guides/huskar_scratch.build"
		"elder_titan"		"cloud: guides/elder_titan_scratch.build"
		"queenofpain"		"cloud: guides/queenofpain_scratch.build"
		"ogre_magi"		"cloud: guides/ogre_magi_scratch.build"
		"dragon_knight"		"cloud: guides/dragon_knight_scratch.build"
		"slark"		"cloud: guides/slark_scratch.build"
		"silencer"		"cloud: guides/silencer_scratch.build"
		"viper"		"cloud: guides/viper_scratch.build"
		"earthshaker"		"cloud: guides/earthshaker_scratch.build"
		"ancient_apparition"		"cloud: guides/ancient_apparition_scratch.build"
		"oracle"		"cloud: guides/oracle_scratch.build"
		"nevermore"		"cloud: guides/nevermore_scratch.build"
		"winter_wyvern"		"cloud: guides/winter_wyvern_scratch.build"
		"dazzle"		"cloud: guides/dazzle_scratch.build"
	}
	"Units"
	{
		"npc_dota_courier"
		{
			"AbilityPrimary1"
			{
				"Name"		"CourierAbility1"
				"Action"		"dota_ability_execute 0"
				"Description"		"#DOTA_CourierAbility1"
				"Panel"		"#DOTA_KEYBIND_MENU_ABILITIES"
				"SubPanel"		"#DOTA_KEYBIND_ABILITY_COURIER"
				"PanelRow"		"1"
				"Version"		"1"
			}
			"AbilityPrimary2"
			{
				"Name"		"CourierAbility2"
				"Action"		"dota_ability_execute 1"
				"Description"		"#DOTA_CourierAbility2"
				"Panel"		"#DOTA_KEYBIND_MENU_ABILITIES"
				"SubPanel"		"#DOTA_KEYBIND_ABILITY_COURIER"
				"PanelRow"		"2"
				"Version"		"1"
			}
			"AbilityPrimary3"
			{
				"Name"		"CourierAbility3"
				"Action"		"dota_ability_execute 2"
				"Description"		"#DOTA_CourierAbility3"
				"Panel"		"#DOTA_KEYBIND_MENU_ABILITIES"
				"SubPanel"		"#DOTA_KEYBIND_ABILITY_COURIER"
				"PanelRow"		"3"
				"Version"		"1"
			}
			"AbilitySecondary1"
			{
				"Name"		"CourierAbility4"
				"Action"		"dota_ability_execute 3"
				"Description"		"#DOTA_CourierAbility4"
				"Panel"		"#DOTA_KEYBIND_MENU_ABILITIES"
				"SubPanel"		"#DOTA_KEYBIND_ABILITY_COURIER"
				"PanelRow"		"4"
				"Version"		"1"
			}
			"AbilitySecondary2"
			{
				"Name"		"CourierAbility5"
				"Action"		"dota_ability_execute 4"
				"Description"		"#DOTA_CourierAbility5"
				"Panel"		"#DOTA_KEYBIND_MENU_ABILITIES"
				"SubPanel"		"#DOTA_KEYBIND_ABILITY_COURIER"
				"PanelRow"		"5"
				"Version"		"1"
			}
			"AbilityUltimate"
			{
				"Name"		"CourierAbility6"
				"Action"		"dota_ability_execute 5"
				"Description"		"#DOTA_CourierAbility6"
				"Panel"		"#DOTA_KEYBIND_MENU_ABILITIES"
				"SubPanel"		"#DOTA_KEYBIND_ABILITY_COURIER"
				"PanelRow"		"6"
				"Version"		"1"
			}
		}
		"npc_dota_neutral_default"
		{
			"AbilityPrimary1"
			{
				"Name"		"NeutralAbility1"
				"Action"		"dota_ability_execute 0"
				"Description"		"#DOTA_NeutralAbility1"
				"Panel"		"#DOTA_KEYBIND_MENU_ABILITIES"
				"SubPanel"		"#DOTA_KEYBIND_ABILITY_NEUTRAL"
				"PanelRow"		"1"
				"Version"		"1"
			}
			"AbilityPrimary2"
			{
				"Name"		"NeutralAbility2"
				"Action"		"dota_ability_execute 1"
				"Description"		"#DOTA_NeutralAbility2"
				"Panel"		"#DOTA_KEYBIND_MENU_ABILITIES"
				"SubPanel"		"#DOTA_KEYBIND_ABILITY_NEUTRAL"
				"PanelRow"		"2"
				"Version"		"1"
			}
			"AbilityPrimary3"
			{
				"Name"		"NeutralAbility3"
				"Action"		"dota_ability_execute 2"
				"Description"		"#DOTA_NeutralAbility3"
				"Panel"		"#DOTA_KEYBIND_MENU_ABILITIES"
				"SubPanel"		"#DOTA_KEYBIND_ABILITY_NEUTRAL"
				"PanelRow"		"3"
				"Version"		"1"
			}
			"AbilitySecondary1"
			{
				"Name"		"NeutralAbility4"
				"Action"		"dota_ability_execute 3"
				"Description"		"#DOTA_NeutralAbility4"
				"Panel"		"#DOTA_KEYBIND_MENU_ABILITIES"
				"SubPanel"		"#DOTA_KEYBIND_ABILITY_NEUTRAL"
				"PanelRow"		"4"
				"Version"		"1"
			}
			"AbilitySecondary2"
			{
				"Name"		"NeutralAbility5"
				"Action"		"dota_ability_execute 4"
				"Panel"		"#DOTA_KEYBIND_MENU_ABILITIES"
				"SubPanel"		"#DOTA_KEYBIND_ABILITY_NEUTRAL"
				"PanelRow"		"5"
				"Description"		"#DOTA_NeutralAbility5"
				"Version"		"2"
			}
			"AbilityUltimate"
			{
				"Name"		"NeutralAbility6"
				"Action"		"dota_ability_execute 5"
				"Panel"		"#DOTA_KEYBIND_MENU_ABILITIES"
				"SubPanel"		"#DOTA_KEYBIND_ABILITY_NEUTRAL"
				"PanelRow"		"6"
				"Description"		"#DOTA_NeutralAbility6"
				"Version"		"2"
			}
		}
	}
	"AlgorithmicUpdateVersion"		"6"
	"PerUnitKeybinds"		"0"
	"AllowGuiKeyToBind"		"1"
}
